[23:19:35] [INFO] ============================================================
[23:19:35] [INFO] woldvein Trainer v0.4.1 启动
[23:19:35] [INFO] ============================================================
[23:19:36] [INFO] 修改器 v0.4.1 已启动
[23:19:38] [INFO] 正在启动游戏...
[23:19:38] [INFO] 已请求启动游戏 (steam://run/2656540)
[23:19:38] [SUCCESS] 已请求启动游戏 (steam://run/2656540)
[23:19:50] [WARNING] DLL未注入，请先注入DLL
[23:50:37] [WARNING] DLL未注入，请先注入DLL
[23:50:39] [INFO] 正在注入DLL到 PID=41696...
[23:50:39] [INFO] 开始注入DLL: D:\pingye_pack\development\current\woldvein_trainer0.4.1\dist\woldvein_trainer.dll -> PID=41696
[23:50:39] [SUCCESS] DLL注入成功: woldvein_trainer.dll
[23:50:39] [SUCCESS] DLL注入成功
[23:50:59] [WARNING] [重试] 读档诊断 第 1 次未拿到有效结果，重发请求 ...
[23:51:01] [WARNING] [重试] 读档诊断 第 1 次未拿到有效结果，重发请求 ...
[23:51:02] [WARNING] [重试] 读档诊断 第 1 次未拿到有效结果，重发请求 ...
[23:51:02] [WARNING] [重试] 读档诊断 第 1 次未拿到有效结果，重发请求 ...
[23:51:02] [WARNING] [重试] 读档诊断 第 1 次未拿到有效结果，重发请求 ...
[23:51:02] [WARNING] [重试] 读档诊断 第 1 次未拿到有效结果，重发请求 ...
[23:51:05] [INFO] 正在开启读档加速（加速档）...
[23:51:05] [SUCCESS] [成功] 读档加速已开启（加速档）：每帧反序列化 120→2400、脚本导入 20→200；进度条假进度已直通；引擎 bAlwaysUpdateLoading=true。立刻生效=true；因为勾住了 Unserialize，以后每次读档都会自动重设，不用重复点。
[23:51:08] [INFO] 正在开启读档加速（极致档）...
[23:51:08] [SUCCESS] [成功] 读档加速已开启（极致档）：每帧反序列化 120→1000000000、脚本导入 20→100000；进度条假进度已直通；引擎 bAlwaysUpdateLoading=true。立刻生效=true；因为勾住了 Unserialize，以后每次读档都会自动重设，不用重复点。
[23:51:12] [WARNING] [重试] 读档诊断 第 1 次未拿到有效结果，重发请求 ...
